// Jest Snapshot v1, https://goo.gl/fbAQLP

exports[`renders correctly 1`] = `
<div
  className="StyledTextInput__StyledTextInputContainer-sc-1x30a0s-1 kYQCpm"
>
  <input
    autoComplete="off"
    className="StyledTextInput-sc-1x30a0s-0 kvYrcH"
    onBlur={[Function]}
    onChange={[Function]}
    onFocus={[Function]}
    onKeyDown={[Function]}
    onMouseUp={[Function]}
    type="text"
    value="o134,144.000 CCC"
  />
</div>
`;
